../Core/Src/app_config.c:14:6:appConfig_setDefaults	24	static
../Core/Src/app_config.c:53:6:appConfig_defaultInit	8	static
../Core/Src/app_config.c:59:6:appConfig_isValid	24	static
../Core/Src/app_config.c:144:6:appConfig_load	2136	static
../Core/Src/app_config.c:165:5:appConfig_save	8	static
../Core/Src/app_config.c:181:5:appConfig_addSlave	24	static
../Core/Src/app_config.c:216:5:appConfig_addRegister	24	static
../Core/Src/app_config.c:266:5:appConfig_removeSlave	24	static
../Core/Src/app_config.c:299:5:appConfig_removeRegister	24	static
../Core/Src/app_config.c:339:5:appConfig_updatePort	16	static
