../Core/Src/app_config.c:21:13:appConfig_setSlaveName	16	static
../Core/Src/app_config.c:34:12:appConfig_isSlaveNameUnique	32	static
../Core/Src/app_config.c:53:6:appConfig_setDefaults	24	static
../Core/Src/app_config.c:96:6:appConfig_defaultInit	8	static
../Core/Src/app_config.c:102:6:appConfig_isValid	24	static
../Core/Src/app_config.c:221:6:appConfig_load	3352	static
../Core/Src/app_config.c:260:5:appConfig_save	8	static
../Core/Src/app_config.c:276:5:appConfig_addSlave	48	static
../Core/Src/app_config.c:324:5:appConfig_addRegister	24	static
../Core/Src/app_config.c:377:5:appConfig_removeSlave	24	static
../Core/Src/app_config.c:411:5:appConfig_removeRegister	24	static
../Core/Src/app_config.c:469:5:appConfig_updatePort	88	static
