../Core/Src/app_config_http.c:113:12:hex_to_nibble	16	static
../Core/Src/app_config_http.c:146:13:url_decode_inplace	32	static
../Core/Src/app_config_http.c:200:12:get_param	80	static
../Core/Src/app_config_http.c:237:12:get_indexed_param	80	static
../Core/Src/app_config_http.c:266:14:trim_left	16	static
../Core/Src/app_config_http.c:298:12:parse_ulong	24	static
../Core/Src/app_config_http.c:315:12:parse_float_value	24	static
../Core/Src/app_config_http.c:332:26:find_register_config	24	static
../Core/Src/app_config_http.c:355:12:read_unsigned_field	24	static
../Core/Src/app_config_http.c:385:13:page_reset	4	static
../Core/Src/app_config_http.c:409:13:page_append	24	static
../Core/Src/app_config_http.c:455:13:page_append_uint	40	static
../Core/Src/app_config_http.c:480:20:slave_display_name	16	static
../Core/Src/app_config_http.c:497:13:page_append_html_escaped	24	static
../Core/Src/app_config_http.c:551:20:register_type_to_text	16	static
../Core/Src/app_config_http.c:587:13:send_status_page	32	static
../Core/Src/app_config_http.c:607:13:handle_save_port	88	static
../Core/Src/app_config_http.c:671:13:render_port_section	16	static
../Core/Src/app_config_http.c:740:13:render_slave_section	16	static
../Core/Src/app_config_http.c:814:13:render_register_section	16	static
../Core/Src/app_config_http.c:914:13:http_write	48	static
../Core/Src/app_config_http.c:949:13:http_write_uint	32	static
../Core/Src/app_config_http.c:960:13:http_write_float	40	static
../Core/Src/app_config_http.c:991:13:http_write_html_escaped	24	static
../Core/Src/app_config_http.c:1026:13:http_write_json_escaped	24	static
../Core/Src/app_config_http.c:1068:6:app_config_http_send_port_form	24	static
../Core/Src/app_config_http.c:1263:6:app_config_http_send_slaves_form	24	static
../Core/Src/app_config_http.c:1335:6:app_config_http_send_registers_form	24	static
../Core/Src/app_config_http.c:1475:6:app_config_http_send_form	16	static
../Core/Src/app_config_http.c:1489:6:app_config_http_send_values	24	static
../Core/Src/app_config_http.c:1652:6:app_config_http_send_api_values	32	static
../Core/Src/app_config_http.c:1745:6:app_config_http_send_api_slaves	24	static
../Core/Src/app_config_http.c:1797:6:app_config_http_send_api_registers	24	static
../Core/Src/app_config_http.c:1860:6:app_config_http_send_api_modbus_config	32	static
../Core/Src/app_config_http.c:1941:6:app_config_http_handle_save	280	static
