../Core/Src/modbus_rtu_master.c:21:17:modbusMaster_Crc16	24	static
../Core/Src/modbus_rtu_master.c:50:6:modbusMaster_init	8	static
../Core/Src/modbus_rtu_master.c:71:6:modbusMaster_onUartReconfig	8	static
../Core/Src/modbus_rtu_master.c:79:19:modbusMaster_readHoldingRegister	24	static
../Core/Src/modbus_rtu_master.c:135:22:modbusMaster_GetState	4	static
../Core/Src/modbus_rtu_master.c:142:19:modbusMaster_GetLastRegisterValue	16	static
../Core/Src/modbus_rtu_master.c:161:6:modbusMaster_cpltCallBack	24	static
