../Core/Src/modbus_rtu_master.c:24:17:modbusMaster_Crc16	24	static
../Core/Src/modbus_rtu_master.c:53:6:modbusMaster_init	8	static
../Core/Src/modbus_rtu_master.c:75:6:modbusMaster_onUartReconfig	8	static
../Core/Src/modbus_rtu_master.c:83:19:modbusMaster_readHoldingRegister	24	static
../Core/Src/modbus_rtu_master.c:140:22:modbusMaster_GetState	4	static
../Core/Src/modbus_rtu_master.c:147:19:modbusMaster_GetLastRegisterValue	16	static
../Core/Src/modbus_rtu_master.c:166:6:modbusMaster_cpltCallBack	24	static
