../Core/Src/network_config.c:10:13:network_config_ee_init	8	static
../Core/Src/network_config.c:18:17:ip_to_u32	16	static
../Core/Src/network_config.c:23:13:is_valid_netmask	24	static
../Core/Src/network_config.c:36:13:is_valid_host_ip	32	static
../Core/Src/network_config.c:57:6:network_config_set_defaults	16	static
../Core/Src/network_config.c:81:6:network_config_is_valid	16	static
../Core/Src/network_config.c:90:6:network_config_load	24	static
../Core/Src/network_config.c:108:6:network_config_save	40	static
