../Core/Src/rs485_interface.c:23:18:rs485_uart_get_current_config	24	static
../Core/Src/rs485_interface.c:43:19:rs485_interface_apply_config	64	static
../Core/Src/rs485_interface.c:107:19:rs485_interface_restore_config	24	static
../Core/Src/rs485_interface.c:134:6:rs485_interface_init	8	static
../Core/Src/rs485_interface.c:139:6:rs485_interface_enableTxMode	8	static
../Core/Src/rs485_interface.c:146:6:rs485_interface_enableRxMode	8	static
../Core/Src/rs485_interface.c:151:19:rs485_interface_send	24	static
../Core/Src/rs485_interface.c:159:19:rs485_interface_receive	16	static
